etsSJï¿½ï¿½Ñ¹esp32: SPI Speed      : 40MHz[0mï¿½ets Jun  8 2016 00:22:57

rst:0x1 (POWERON_RESET),boot:0x13 (SPI_FAST_FLASH_BOOT)
configsip: 0, SPIWP:0xee
clk_drv:0x00,q_drv:0x00,d_drv:0x00,cs0_drv:0x00,hd_drv:0x00,wp_drv:0x00
mode:DIO, clock div:2
load:0x3fff0030,len:7084
ho 0 tail 12 room 4
load:0x40078000,len:15584
load:0x40080400,len:4
load:0x40080404,len:3876
entry 0x4008064c
[0;32mI (31) boot: ESP-IDF v5.1.2-dirty 2nd stage bootloader[0m
[0;32mI (31) boot: compile time Oct 22 2024 16:03:19[0m
[0;32mI (31) boot: Multicore bootloader[0m
[0;32mI (35) boot: chip revision: v1.0[0m
[0;32mI (39) boot.esp32: SPI Speed      : 40MHz[0m
[0;32mI (44) boot.esp32: SPI Mode       : DIO[0m
[0;32mI (48) boot.esp32: SPI Flash Size : 2MB[0m
[0;32mI (53) boot: Enabling RNG early entropy source...[0m
[0;32mI (58) boot: Partition Table:[0m
[0;32mI (62) boot: ## Label            Usage          Type ST Offset   Length[0m
[0;32mI (69) boot:  0 nvs              WiFi data        01 02 00009000 00006000[0m
[0;32mI (77) boot:  1 phy_init         RF data          01 01 0000f000 00001000[0m
[0;32mI (84) boot:  2 factory          factory app      00 00 00010000 00100000[0m
[0;32mI (92) boot: End of partition table[0m
[0;32mI (96) esp_image: segment 0: paddr=00010020 vaddr=3f400020 size=2e0a4h (188580) map[0m
[0;32mI (172) esp_image: segment 1: paddr=0003e0cc vaddr=3ffbdb60 size=01f4ch (  8012) load[0m
[0;32mI (176) esp_image: segment 2: paddr=00040020 vaddr=400d0020 size=aa988h (698760) map[0m
[0;32mI (430) esp_image: segment 3: paddr=000ea9b0 vaddr=3ffbfaac size=030dch ( 12508) load[0m
[0;32mI (436) esp_image: segment 4: paddr=000eda94 vaddr=40080000 size=18990h (100752) load[0m
[0;32mI (491) boot: Loaded app from partition at offset 0x10000[0m
[0;32mI (491) boot: Disabling RNG early entropy source...[0m
[0;32mI (502) cpu_start: Multicore app[0m
[0;32mI (503) cpu_start: Pro cpu up.[0m
[0;32mI (503) cpu_start: Starting app cpu, entry point is 0x40081380[0m
[0;32mI (0) cpu_start: App cpu up.[0m
[0;32mI (523) cpu_start: Pro cpu start user code[0m
[0;32mI (523) cpu_start: cpu freq: 160000000 Hz[0m
[0;32mI (523) cpu_start: Application information:[0m
[0;32mI (527) cpu_start: Project name:     sensor_client[0m
[0;32mI (533) cpu_start: App version:      d0f2d9e-dirty[0m
[0;32mI (538) cpu_start: Compile time:     Oct 22 2024 16:57:58[0m
[0;32mI (544) cpu_start: ELF file SHA256:  dda17e3389ae6692...[0m
[0;32mI (550) cpu_start: ESP-IDF:          v5.1.2-dirty[0m
[0;32mI (556) cpu_start: Min chip rev:     v0.0[0m
[0;32mI (561) cpu_start: Max chip rev:     v3.99 [0m
[0;32mI (565) cpu_start: Chip rev:         v1.0[0m
[0;32mI (570) heap_init: Initializing. RAM available for dynamic allocation:[0m
[0;32mI (577) heap_init: At 3FFAFF10 len 000000F0 (0 KiB): DRAM[0m
[0;32mI (583) heap_init: At 3FFB6388 len 00001C78 (7 KiB): DRAM[0m
[0;32mI (589) heap_init: At 3FFB9A20 len 00004108 (16 KiB): DRAM[0m
[0;32mI (596) heap_init: At 3FFCA530 len 00015AD0 (86 KiB): DRAM[0m
[0;32mI (602) heap_init: At 3FFE0440 len 00003AE0 (14 KiB): D/IRAM[0m
[0;32mI (608) heap_init: At 3FFE4350 len 0001BCB0 (111 KiB): D/IRAM[0m
[0;32mI (615) heap_init: At 40098990 len 00007670 (29 KiB): IRAM[0m
[0;32mI (622) spi_flash: detected chip: generic[0m
[0;32mI (625) spi_flash: flash io: dio[0m
[0;33mW (629) spi_flash: Detected size(4096k) larger than the size in the binary image header(2048k). Using the size in the binary image header.[0m
[0;32mI (643) coexist: coex firmware version: b6d5e8c[0m
[0;32mI (648) app_start: Starting scheduler on CPU0[0m
[0;32m[0;32mI (653) app_start: Starting scheduler on CPU1[0m
I (653) main_task: Started on CPU0[0m
[0;32mI (663) main_task: Calling app_main()[0m
[0;32mI (663) MAIN: Initializing ... ...[0m
use esp timer !!!
[0;31mE (703) esp_timer: Task is already initialized[0m
[0;32mI (703) gpio: GPIO[0]| InputEn: 1| OutputEn: 0| OpenDrain: 0| Pullup: 1| Pulldown: 0| Intr:3 [0m
[0;32mI (703) BTDM_INIT: BT controller compile version [ec4ac65][0m
[0;32mI (713) BTDM_INIT: Bluetooth MAC: 58:bf:25:37:9a:c2[0m
[0;32mI (723) phy_init: phy_version 4780,16b31a7,Sep 22 2023,20:42:16[0m
[0;32mI (1193) BLE: ESP_BLE_MESH_PROV_REGISTER_COMP_EVT, err_code 0[0m
[0;32mI (1193) BLE: ESP_BLE_MESH_PROVISIONER_SET_DEV_UUID_MATCH_COMP_EVT, err_code 0[0m
[0;32mI (1203) BLE: BLE Mesh sensor client initialized[0m
[0;32mI (1203) MAIN: DITME DE VAI LON [0m
[0;32mI (1203) main_task: Returned from app_main()[0m
[0;32mI (1213) BLE: ESP_BLE_MESH_PROVISIONER_PROV_ENABLE_COMP_EVT, err_code 0[0m
[0;32mI (1213) BLE: ESP_BLE_MESH_PROVISIONER_ADD_LOCAL_APP_KEY_COMP_EVT, err_code 0[0m
[0;32mI (1223) BLE: ESP_BLE_MESH_PROVISIONER_BIND_APP_KEY_TO_MODEL_COMP_EVT, err_code 0[0m
[0;31mE (1463) BLE: Node 0x0000 not exists[0m
[0;32mI (1463) BOARD: We need Data[0m
[0;31mE (2263) BLE: Node 0x0000 not exists[0m
[0;32mI (2263) BOARD: We need Data[0m
[0;31mE (2713) BLE: Node 0x0000 not exists[0m
[0;32mI (2713) BOARD: We need Data[0m
[0;31mE (3463) BLE: Node 0x0000 not exists[0m
[0;32mI (3463) BOARD: We need Data[0m
[0;31mE (3993) BLE: Node 0x0000 not exists[0m
[0;32mI (3993) BOARD: We need Data[0m
[0;31mE (4523) BLE: Node 0x0000 not exists[0m
[0;32mI (4523) BOARD: We need Data[0m
[0;31mE (5093) BLE: Node 0x0000 not exists[0m
[0;32mI (5093) BOARD: We need Data[0m
[0;31mE (5633) BLE: Node 0x0000 not exists[0m
[0;32mI (5633) BOARD: We need Data[0m
[0;31mE (6093) BLE: Node 0x0000 not exists[0m
[0;32mI (6093) BOARD: We need Data[0m
[0;31mE (6693) BLE: Node 0x0000 not exists[0m
[0;32mI (6693) BOARD: We need Data[0m
[0;31mE (6993) BLE: Node 0x0000 not exists[0m
[0;32mI (6993) BOARD: We need Data[0m
[0;31mE (7243) BLE: Node 0x0000 not exists[0m
[0;32mI (7243) BOARD: We need Data[0m
[0;31mE (7563) BLE: Node 0x0000 not exists[0m
[0;32mI (7563) BOARD: We need Data[0m
[0;31mE (8173) BLE: Node 0x0000 not exists[0m
[0;32mI (8173) BOARD: We need Data[0m
[0;31mE (8433) BLE: Node 0x0000 not exists[0m
[0;32mI (8433) BOARD: We need Data[0m
[0;31mE (8633) BLE: Node 0x0000 not exists[0m
[0;32mI (8633) BOARD: We need Data[0m
[0;31mE (8843) BLE: Node 0x0000 not exists[0m
[0;32mI (8843) BOARD: We need Data[0m
[0;31mE (9043) BLE: Node 0x0000 not exists[0m
[0;32mI (9043) BOARD: We need Data[0m
[0;31mE (9233) BLE: Node 0x0000 not exists[0m
[0;32mI (9233) BOARD: We need Data[0m
[0;31mE (9433) BLE: Node 0x0000 not exists[0m
[0;32mI (9433) BOARD: We need Data[0m
[0;31mE (9613) BLE: Node 0x0000 not exists[0m
[0;32mI (9613) BOARD: We need Data[0m
[0;31mE (9803) BLE: Node 0x0000 not exists[0m
[0;32mI (9803) BOARD: We need Data[0m
[0;31mE (9953) BLE: Node 0x0000 not exists[0m
[0;32mI (9953) BOARD: We need Data[0m
